int32_t member1;
char \*member2
pb_callback_t member3
