STATIC.* ONEOF.* ENUM.*MyEnum
STATIC.* ONEOF.* UENUM.*MyUEnum
! [^U]ENUM.*MyUEnum
! UENUM.*MyEnum

